###############################################################################
#
# IAR ELF Linker V7.20.1.7305/W32 for ARM                 10/Oct/2017  17:54:28
# Copyright 2007-2014 IAR Systems AB.
#
#    Output file  =  
#        C:\Users\jimmy\OneDrive\Documents\GitHub\Razor_Atmel\firmware_mpgl1\iar_7_20_1\Debug\Exe\mpgl1.out
#    Map file     =  
#        C:\Users\jimmy\OneDrive\Documents\GitHub\Razor_Atmel\firmware_mpgl1\iar_7_20_1\Debug\List\mpgl1.map
#    Command line =  
#        C:\Users\jimmy\OneDrive\Documents\GitHub\Razor_Atmel\firmware_mpgl1\iar_7_20_1\Debug\Obj\ant.o
#        C:\Users\jimmy\OneDrive\Documents\GitHub\Razor_Atmel\firmware_mpgl1\iar_7_20_1\Debug\Obj\ant_api.o
#        C:\Users\jimmy\OneDrive\Documents\GitHub\Razor_Atmel\firmware_mpgl1\iar_7_20_1\Debug\Obj\board_cstartup_iar.o
#        C:\Users\jimmy\OneDrive\Documents\GitHub\Razor_Atmel\firmware_mpgl1\iar_7_20_1\Debug\Obj\buttons.o
#        C:\Users\jimmy\OneDrive\Documents\GitHub\Razor_Atmel\firmware_mpgl1\iar_7_20_1\Debug\Obj\core_cm3.o
#        C:\Users\jimmy\OneDrive\Documents\GitHub\Razor_Atmel\firmware_mpgl1\iar_7_20_1\Debug\Obj\debug.o
#        C:\Users\jimmy\OneDrive\Documents\GitHub\Razor_Atmel\firmware_mpgl1\iar_7_20_1\Debug\Obj\exceptions.o
#        C:\Users\jimmy\OneDrive\Documents\GitHub\Razor_Atmel\firmware_mpgl1\iar_7_20_1\Debug\Obj\interrupts.o
#        C:\Users\jimmy\OneDrive\Documents\GitHub\Razor_Atmel\firmware_mpgl1\iar_7_20_1\Debug\Obj\lcd_nhd-c0220biz.o
#        C:\Users\jimmy\OneDrive\Documents\GitHub\Razor_Atmel\firmware_mpgl1\iar_7_20_1\Debug\Obj\leds.o
#        C:\Users\jimmy\OneDrive\Documents\GitHub\Razor_Atmel\firmware_mpgl1\iar_7_20_1\Debug\Obj\main.o
#        C:\Users\jimmy\OneDrive\Documents\GitHub\Razor_Atmel\firmware_mpgl1\iar_7_20_1\Debug\Obj\messaging.o
#        C:\Users\jimmy\OneDrive\Documents\GitHub\Razor_Atmel\firmware_mpgl1\iar_7_20_1\Debug\Obj\mpgl1-ehdw-03.o
#        C:\Users\jimmy\OneDrive\Documents\GitHub\Razor_Atmel\firmware_mpgl1\iar_7_20_1\Debug\Obj\sam3u_i2c.o
#        C:\Users\jimmy\OneDrive\Documents\GitHub\Razor_Atmel\firmware_mpgl1\iar_7_20_1\Debug\Obj\sam3u_ssp.o
#        C:\Users\jimmy\OneDrive\Documents\GitHub\Razor_Atmel\firmware_mpgl1\iar_7_20_1\Debug\Obj\sam3u_uart.o
#        C:\Users\jimmy\OneDrive\Documents\GitHub\Razor_Atmel\firmware_mpgl1\iar_7_20_1\Debug\Obj\sdcard.o
#        C:\Users\jimmy\OneDrive\Documents\GitHub\Razor_Atmel\firmware_mpgl1\iar_7_20_1\Debug\Obj\user_app.o
#        C:\Users\jimmy\OneDrive\Documents\GitHub\Razor_Atmel\firmware_mpgl1\iar_7_20_1\Debug\Obj\utilities.o
#        --redirect _Printf=_PrintfTiny --redirect _Scanf=_ScanfSmallNoMb -o
#        C:\Users\jimmy\OneDrive\Documents\GitHub\Razor_Atmel\firmware_mpgl1\iar_7_20_1\Debug\Exe\mpgl1.out
#        --map
#        C:\Users\jimmy\OneDrive\Documents\GitHub\Razor_Atmel\firmware_mpgl1\iar_7_20_1\Debug\List\mpgl1.map
#        --log initialization,modules,sections --log_file
#        C:\Users\jimmy\OneDrive\Documents\GitHub\Razor_Atmel\firmware_mpgl1\iar_7_20_1\Debug\List\mpgl1.log
#        --config
#        C:\Users\jimmy\OneDrive\Documents\GitHub\Razor_Atmel\firmware_mpgl1\iar_7_20_1\..\..\firmware_mpg_common\sam3u2-flash.icf
#        --semihosting --entry __iar_program_start --vfe
#
###############################################################################

*******************************************************************************
*** RUNTIME MODEL ATTRIBUTES
***

CppFlavor       = *
__Heap_Handler  = Basic
__SystemLibrary = DLib


*******************************************************************************
*** PLACEMENT SUMMARY
***

"A1":  place at 0x00080000 { ro section .intvec };
"P1":  place in [from 0x00080000 to 0x0009ffff] { ro };
"P2":  place in [from 0x20000000 to 0x20003fff] { rw, block HEAP };
"P3":  place in [from 0x20080000 to 0x20083fff] { block CSTACK };

  Section            Kind        Address    Size  Object
  -------            ----        -------    ----  ------
"A1":                                       0xbc
  .intvec                     0x00080000    0xbc  <Block>
    .intvec          const    0x00080000    0xbc  board_cstartup_iar.o [1]
                            - 0x000800bc    0xbc

"P1":                                     0x45b0
  .text              ro code  0x000800bc   0xe3e  ant.o [1]
  .text              ro code  0x00080efa    0x3e  exceptions.o [1]
  .text              ro code  0x00080f38    0x3c  utilities.o [1]
  .text              ro code  0x00080f74    0x76  ABImemcpy_unaligned.o [4]
  .text              ro code  0x00080fea    0x2e  copy_init3.o [4]
  .text              ro code  0x00081018   0x658  debug.o [1]
  .text              ro code  0x00081670   0x8d0  sam3u_ssp.o [1]
  .text              ro code  0x00081f40    0xb0  xxmemxmalloc.o [3]
  .text              ro code  0x00081ff0    0x80  xxmemxfree.o [3]
  .text              ro code  0x00082070   0x29c  messaging.o [1]
  .text              ro code  0x0008230c   0x578  sam3u_uart.o [1]
  .text              ro code  0x00082884   0x310  leds.o [1]
  .text              ro code  0x00082b94    0x66  ABImemset.o [4]
  .text              ro code  0x00082bfa    0x22  zero_init3.o [4]
  .text              ro code  0x00082c1c    0x2c  xgetmemchunk.o [3]
  .text              ro code  0x00082c48   0x7f0  sam3u_i2c.o [1]
  .text              ro code  0x00083438   0x3e0  mpgl1-ehdw-03.o [1]
  .text              ro code  0x00083818   0x278  buttons.o [1]
  .text              ro code  0x00083a90   0x1c4  interrupts.o [1]
  .text              ro code  0x00083c54    0xda  lcd_nhd-c0220biz.o [1]
  .rodata            const    0x00083d2e     0x2  debug.o [1]
  .text              ro code  0x00083d30    0xc0  sdcard.o [1]
  .text              ro code  0x00083df0    0xbc  main.o [1]
  .text              ro code  0x00083eac    0x1a  user_app.o [1]
  .rodata            const    0x00083ec8    0x48  debug.o [1]
  .rodata            const    0x00083f10    0x3c  debug.o [1]
  .rodata            const    0x00083f4c    0x2c  ant.o [1]
  .text              ro code  0x00083f78    0x28  data_init.o [4]
  .rodata            const    0x00083fa0    0x24  ant.o [1]
  .rodata            const    0x00083fc4    0x24  debug.o [1]
  .rodata            const    0x00083fe8    0x24  debug.o [1]
  .rodata            const    0x0008400c    0x24  debug.o [1]
  .rodata            const    0x00084030    0x24  debug.o [1]
  .rodata            const    0x00084054    0x24  debug.o [1]
  .rodata            const    0x00084078    0x24  debug.o [1]
  .rodata            const    0x0008409c    0x24  debug.o [1]
  .rodata            const    0x000840c0    0x24  debug.o [1]
  .rodata            const    0x000840e4    0x24  debug.o [1]
  .iar.init_table    const    0x00084108    0x24  - Linker created -
  .rodata            const    0x0008412c    0x20  interrupts.o [1]
  .rodata            const    0x0008414c    0x20  sam3u_uart.o [1]
  .rodata            const    0x0008416c    0x1c  ant.o [1]
  .rodata            const    0x00084188    0x1c  debug.o [1]
  .text              ro code  0x000841a4    0x1a  cmain.o [4]
  .text              ro code  0x000841c0    0x14  board_cstartup_iar.o [1]
  .text              ro code  0x000841d4     0x4  exit.o [3]
  .text              ro code  0x000841d8     0xa  cexit.o [4]
  .text              ro code  0x000841e4    0x14  exit.o [5]
  .rodata            const    0x000841f8    0x18  ant.o [1]
  .rodata            const    0x00084210    0x18  ant.o [1]
  .rodata            const    0x00084228    0x18  lcd_nhd-c0220biz.o [1]
  .rodata            const    0x00084240    0x18  sdcard.o [1]
  .rodata            const    0x00084258    0x14  ant.o [1]
  .rodata            const    0x0008426c    0x14  ant.o [1]
  .rodata            const    0x00084280    0x14  ant.o [1]
  .rodata            const    0x00084294    0x10  buttons.o [1]
  .rodata            const    0x000842a4     0xc  debug.o [1]
  .rodata            const    0x000842b0     0xc  debug.o [1]
  .text              ro code  0x000842bc     0xc  cstartup_M.o [4]
  .rodata            const    0x000842c8     0x8  ant.o [1]
  .rodata            const    0x000842d0     0x8  debug.o [1]
  .rodata            const    0x000842d8     0x8  lcd_nhd-c0220biz.o [1]
  .rodata            const    0x000842e0     0x0  zero_init3.o [4]
  .rodata            const    0x000842e0     0x0  copy_init3.o [4]
  Initializer bytes  ro data  0x000842e0   0x38c  <for P2 s0>
                            - 0x0008466c  0x45b0

"P2":                                     0x37f8
  P2 s0                       0x20000000   0x38c  <Init block>
    .data            inited   0x20000000    0x70  leds.o [1]
    .data            inited   0x20000070    0x50  ant.o [1]
    .data            inited   0x200000c0    0x44  debug.o [1]
    .data            inited   0x20000104    0x40  ant.o [1]
    .data            inited   0x20000144    0x40  debug.o [1]
    .data            inited   0x20000184    0x2c  leds.o [1]
    .data            inited   0x200001b0    0x20  ant.o [1]
    .data            inited   0x200001d0    0x20  ant.o [1]
    .data            inited   0x200001f0    0x20  debug.o [1]
    .data            inited   0x20000210    0x20  mpgl1-ehdw-03.o [1]
    .data            inited   0x20000230    0x1c  ant.o [1]
    .data            inited   0x2000024c    0x18  ant.o [1]
    .data            inited   0x20000264    0x18  ant.o [1]
    .data            inited   0x2000027c    0x18  debug.o [1]
    .data            inited   0x20000294    0x18  leds.o [1]
    .data            inited   0x200002ac    0x18  sam3u_ssp.o [1]
    .data            inited   0x200002c4    0x18  sam3u_ssp.o [1]
    .data            inited   0x200002dc    0x14  ant.o [1]
    .data            inited   0x200002f0    0x14  ant.o [1]
    .data            inited   0x20000304    0x14  ant.o [1]
    .data            inited   0x20000318    0x14  buttons.o [1]
    .data            inited   0x2000032c    0x14  debug.o [1]
    .data            inited   0x20000340    0x10  ant.o [1]
    .data            inited   0x20000350     0x8  ant.o [1]
    .data            inited   0x20000358     0x8  ant.o [1]
    .data            inited   0x20000360     0x8  buttons.o [1]
    .data            inited   0x20000368     0x8  debug.o [1]
    .data            inited   0x20000370     0x8  utilities.o [1]
    .data            inited   0x20000378     0x8  utilities.o [1]
    .data            inited   0x20000380     0x4  debug.o [1]
    .data            inited   0x20000384     0x4  messaging.o [1]
    .data            inited   0x20000388     0x2  interrupts.o [1]
    .data            inited   0x2000038a     0x1  debug.o [1]
  .bss               zero     0x2000038c   0x900  messaging.o [1]
  .bss               zero     0x20000c8c   0x300  messaging.o [1]
  .bss               zero     0x20000f8c   0x224  sdcard.o [1]
  .bss               zero     0x200011b0   0x100  ant.o [1]
  .bss               zero     0x200012b0   0x100  sam3u_i2c.o [1]
  .bss               zero     0x200013b0    0x80  debug.o [1]
  .bss               zero     0x20001430    0x80  sam3u_ssp.o [1]
  .bss               zero     0x200014b0    0x40  debug.o [1]
  .bss               zero     0x200014f0    0x34  sam3u_ssp.o [1]
  .bss               zero     0x20001524    0x34  sam3u_ssp.o [1]
  .bss               zero     0x20001558    0x34  sam3u_ssp.o [1]
  .bss               zero     0x2000158c    0x24  ant.o [1]
  .bss               zero     0x200015b0    0x24  sam3u_uart.o [1]
  .bss               zero     0x200015d4    0x24  sam3u_uart.o [1]
  .bss               zero     0x200015f8    0x24  sam3u_uart.o [1]
  .bss               zero     0x2000161c    0x24  sam3u_uart.o [1]
  .bss               zero     0x20001640    0x24  sdcard.o [1]
  .bss               zero     0x20001664    0x10  buttons.o [1]
  .bss               zero     0x20001674    0x10  buttons.o [1]
  .bss               zero     0x20001684    0x10  sam3u_i2c.o [1]
  .bss               zero     0x20001694     0xc  ant.o [1]
  .bss               zero     0x200016a0     0xc  ant.o [1]
  .bss               zero     0x200016ac     0x8  xxmemxmalloc.o [3]
  .bss               zero     0x200016b4     0x4  ant.o [1]
  .bss               zero     0x200016b8     0x4  ant.o [1]
  .bss               zero     0x200016bc     0x4  ant.o [1]
  .bss               zero     0x200016c0     0x4  ant.o [1]
  .bss               zero     0x200016c4     0x4  ant.o [1]
  .bss               zero     0x200016c8     0x4  ant.o [1]
  .bss               zero     0x200016cc     0x4  ant.o [1]
  .bss               zero     0x200016d0     0x4  ant.o [1]
  .bss               zero     0x200016d4     0x4  ant.o [1]
  .bss               zero     0x200016d8     0x4  ant.o [1]
  .bss               zero     0x200016dc     0x4  ant.o [1]
  .bss               zero     0x200016e0     0x4  ant.o [1]
  .bss               zero     0x200016e4     0x4  ant.o [1]
  .bss               zero     0x200016e8     0x4  ant.o [1]
  .bss               zero     0x200016ec     0x4  ant.o [1]
  .bss               zero     0x200016f0     0x4  ant.o [1]
  .bss               zero     0x200016f4     0x4  ant.o [1]
  .bss               zero     0x200016f8     0x4  ant.o [1]
  .bss               zero     0x200016fc     0x4  ant.o [1]
  .bss               zero     0x20001700     0x4  buttons.o [1]
  .bss               zero     0x20001704     0x4  buttons.o [1]
  .bss               zero     0x20001708     0x4  buttons.o [1]
  .bss               zero     0x2000170c     0x4  buttons.o [1]
  .bss               zero     0x20001710     0x4  buttons.o [1]
  .bss               zero     0x20001714     0x4  debug.o [1]
  .bss               zero     0x20001718     0x4  debug.o [1]
  .bss               zero     0x2000171c     0x4  debug.o [1]
  .bss               zero     0x20001720     0x4  debug.o [1]
  .bss               zero     0x20001724     0x4  debug.o [1]
  .bss               zero     0x20001728     0x4  debug.o [1]
  .bss               zero     0x2000172c     0x4  debug.o [1]
  .bss               zero     0x20001730     0x4  lcd_nhd-c0220biz.o [1]
  .bss               zero     0x20001734     0x4  lcd_nhd-c0220biz.o [1]
  .bss               zero     0x20001738     0x4  main.o [1]
  .bss               zero     0x2000173c     0x4  main.o [1]
  .bss               zero     0x20001740     0x4  messaging.o [1]
  .bss               zero     0x20001744     0x4  messaging.o [1]
  .bss               zero     0x20001748     0x4  messaging.o [1]
  .bss               zero     0x2000174c     0x4  messaging.o [1]
  .bss               zero     0x20001750     0x4  mpgl1-ehdw-03.o [1]
  .bss               zero     0x20001754     0x4  mpgl1-ehdw-03.o [1]
  .bss               zero     0x20001758     0x4  mpgl1-ehdw-03.o [1]
  .bss               zero     0x2000175c     0x4  mpgl1-ehdw-03.o [1]
  .bss               zero     0x20001760     0x4  sam3u_i2c.o [1]
  .bss               zero     0x20001764     0x4  sam3u_i2c.o [1]
  .bss               zero     0x20001768     0x4  sam3u_i2c.o [1]
  .bss               zero     0x2000176c     0x4  sam3u_i2c.o [1]
  .bss               zero     0x20001770     0x4  sam3u_i2c.o [1]
  .bss               zero     0x20001774     0x4  sam3u_i2c.o [1]
  .bss               zero     0x20001778     0x4  sam3u_ssp.o [1]
  .bss               zero     0x2000177c     0x4  sam3u_ssp.o [1]
  .bss               zero     0x20001780     0x4  sam3u_ssp.o [1]
  .bss               zero     0x20001784     0x4  sam3u_ssp.o [1]
  .bss               zero     0x20001788     0x4  sam3u_ssp.o [1]
  .bss               zero     0x2000178c     0x4  sam3u_ssp.o [1]
  .bss               zero     0x20001790     0x4  sam3u_ssp.o [1]
  .bss               zero     0x20001794     0x4  sam3u_ssp.o [1]
  .bss               zero     0x20001798     0x4  sam3u_ssp.o [1]
  .bss               zero     0x2000179c     0x4  sam3u_ssp.o [1]
  .bss               zero     0x200017a0     0x4  sam3u_ssp.o [1]
  .bss               zero     0x200017a4     0x4  sam3u_uart.o [1]
  .bss               zero     0x200017a8     0x4  sam3u_uart.o [1]
  .bss               zero     0x200017ac     0x4  sam3u_uart.o [1]
  .bss               zero     0x200017b0     0x4  sam3u_uart.o [1]
  .bss               zero     0x200017b4     0x4  sam3u_uart.o [1]
  .bss               zero     0x200017b8     0x4  sam3u_uart.o [1]
  .bss               zero     0x200017bc     0x4  sam3u_uart.o [1]
  .bss               zero     0x200017c0     0x4  sam3u_uart.o [1]
  .bss               zero     0x200017c4     0x4  sam3u_uart.o [1]
  .bss               zero     0x200017c8     0x4  sam3u_uart.o [1]
  .bss               zero     0x200017cc     0x4  sdcard.o [1]
  .bss               zero     0x200017d0     0x4  sdcard.o [1]
  .bss               zero     0x200017d4     0x4  sdcard.o [1]
  .bss               zero     0x200017d8     0x4  sdcard.o [1]
  .bss               zero     0x200017dc     0x4  user_app.o [1]
  .bss               zero     0x200017e0     0x4  xgetmemchunk.o [3]
  .bss               zero     0x200017e4     0x2  debug.o [1]
  .bss               zero     0x200017e6     0x1  ant.o [1]
  .bss               zero     0x200017e7     0x1  ant.o [1]
  .bss               zero     0x200017e8     0x1  ant.o [1]
  .bss               zero     0x200017e9     0x1  ant.o [1]
  .bss               zero     0x200017ea     0x1  debug.o [1]
  .bss               zero     0x200017eb     0x1  debug.o [1]
  .bss               zero     0x200017ec     0x1  messaging.o [1]
  .bss               zero     0x200017ed     0x1  sam3u_i2c.o [1]
  .bss               zero     0x200017ee     0x1  sam3u_i2c.o [1]
  .bss               zero     0x200017ef     0x1  sam3u_i2c.o [1]
  .bss               zero     0x200017f0     0x1  sam3u_uart.o [1]
  HEAP                        0x200017f8  0x2000  <Block>
    HEAP             uninit   0x200017f8  0x2000  <Block tail>
                            - 0x200037f8  0x37f8

"P3":                                     0x2000
  CSTACK                      0x20080000  0x2000  <Block>
    CSTACK           uninit   0x20080000  0x2000  <Block tail>
                            - 0x20082000  0x2000


*******************************************************************************
*** INIT TABLE
***

          Address     Size
          -------     ----
Zero (__iar_zero_init3)
    1 destination range, total size 0x1465:
          0x2000038c  0x1465

Copy (__iar_copy_init3)
    1 source range, total size 0x38c (100% of destination):
          0x000842e0   0x38c
    1 destination range, total size 0x38b:
          0x20000000   0x38b



*******************************************************************************
*** MODULE SUMMARY
***

    Module                 ro code  ro data  rw data
    ------                 -------  -------  -------
C:\Users\jimmy\OneDrive\Documents\GitHub\Razor_Atmel\firmware_mpgl1\iar_7_20_1\Debug\Obj: [1]
    ant.o                    3 646      600      772
    board_cstartup_iar.o        20      188
    buttons.o                  632       44       80
    debug.o                  1 624      739      445
    exceptions.o                62
    interrupts.o               452       34        2
    lcd_nhd-c0220biz.o         218       32        8
    leds.o                     784      180      180
    main.o                     188                 8
    messaging.o                668        4    3 093
    mpgl1-ehdw-03.o            992       32       48
    sam3u_i2c.o              2 032               299
    sam3u_ssp.o              2 256       48      376
    sam3u_uart.o             1 400       32      185
    sdcard.o                   192       24      600
    user_app.o                  26                 4
    utilities.o                 60       16       16
    ------------------------------------------------
    Total:                  15 252    1 973    6 116

command line: [2]
    ------------------------------------------------
    Total:

dl7M_tln.a: [3]
    exit.o                       4
    xgetmemchunk.o              44                 4
    xxmemxfree.o               128
    xxmemxmalloc.o             176                 8
    ------------------------------------------------
    Total:                     352                12

rt7M_tl.a: [4]
    ABImemcpy_unaligned.o      118
    ABImemset.o                102
    cexit.o                     10
    cmain.o                     26
    copy_init3.o                46
    cstartup_M.o                12
    data_init.o                 40
    zero_init3.o                34
    ------------------------------------------------
    Total:                     388

shb_l.a: [5]
    exit.o                      20
    ------------------------------------------------
    Total:                      20

    Gaps                         4        2
    Linker created                       37   16 384
----------------------------------------------------
    Grand Total:            16 016    2 012   22 512


*******************************************************************************
*** ENTRY LIST
***

Entry                      Address   Size  Type      Object
-----                      -------   ----  ----      ------
.intvec$$Base           0x00080000          --   Gb  - Linker created -
.intvec$$Limit          0x000800bc          --   Gb  - Linker created -
?main                   0x000841a5         Code  Gb  cmain.o [4]
ADCC0_IrqHandler        0x00080f31    0x2  Code  Wk  exceptions.o [1]
ADCC1_IrqHandler        0x00080f33    0x2  Code  Wk  exceptions.o [1]
AddNewMessageStatus     0x00082291   0x34  Code  Lc  messaging.o [1]
AdvanceAntRxBufferCurrentChar
                        0x0008043d   0x28  Code  Lc  ant.o [1]
AdvanceAntRxBufferUnreadMsgPointer
                        0x00080465   0x28  Code  Lc  ant.o [1]
AntAbortMessage         0x00080411   0x2c  Code  Lc  ant.o [1]
AntCalculateTxChecksum  0x000808f7   0x24  Code  Gb  ant.o [1]
AntDeQueueOutgoingMessage
                        0x00080caf   0x22  Code  Lc  ant.o [1]
AntExpectResponse       0x000807b5   0xe4  Code  Gb  ant.o [1]
AntInitialize           0x0008048d  0x190  Code  Gb  ant.o [1]
AntProcessMessage       0x00080925  0x284  Code  Lc  ant.o [1]
AntQueueApplicationMessage
                        0x00080c09   0xa6  Code  Lc  ant.o [1]
AntRunActiveState       0x0008061d    0xc  Code  Gb  ant.o [1]
AntRxFlowControlCallback
                        0x000808b1   0x46  Code  Gb  ant.o [1]
AntRxMessage            0x000801cd  0x244  Code  Lc  ant.o [1]
AntSM_Idle              0x00080ce9   0x96  Code  Gb  ant.o [1]
AntSM_NoResponse        0x00080ef9    0x2  Code  Gb  ant.o [1]
AntSM_ReceiveMessage    0x00080d8d   0x18  Code  Gb  ant.o [1]
AntSM_TransmitMessage   0x00080db5   0x76  Code  Gb  ant.o [1]
AntSrdyPulse            0x000801a3   0x2a  Code  Lc  ant.o [1]
AntSyncSerialInitialize
                        0x000800bd   0xe6  Code  Lc  ant.o [1]
AntTick                 0x00080bb1   0x42  Code  Lc  ant.o [1]
AntTxFlowControlCallback
                        0x00080899   0x16  Code  Gb  ant.o [1]
AntTxMessage            0x00080629  0x18c  Code  Gb  ant.o [1]
Ant_DebugProcessRxMessages
                        0x200016fc    0x4  Data  Lc  ant.o [1]
Ant_DebugRxMessageCounter
                        0x200016f4    0x4  Data  Lc  ant.o [1]
Ant_DebugTotalRxMessages
                        0x200016f8    0x4  Data  Lc  ant.o [1]
Ant_Ssp                 0x200016dc    0x4  Data  Lc  ant.o [1]
Ant_au8AntRxBuffer      0x200011b0  0x100  Data  Lc  ant.o [1]
Ant_pfnStateMachine     0x200016bc    0x4  Data  Lc  ant.o [1]
Ant_psDataOutgoingMsgList
                        0x200016f0    0x4  Data  Lc  ant.o [1]
Ant_pu8AntRxBufferCurrentChar
                        0x200016e4    0x4  Data  Lc  ant.o [1]
Ant_pu8AntRxBufferNextChar
                        0x200016e0    0x4  Data  Lc  ant.o [1]
Ant_pu8AntRxBufferUnreadMsg
                        0x200016e8    0x4  Data  Lc  ant.o [1]
Ant_sSspConfig          0x2000158c   0x24  Data  Lc  ant.o [1]
Ant_u32ApplicationMessageCount
                        0x200016ec    0x4  Data  Lc  ant.o [1]
Ant_u32CurrentTxMessageToken
                        0x200016d8    0x4  Data  Lc  ant.o [1]
Ant_u32RxByteCounter    0x200016cc    0x4  Data  Lc  ant.o [1]
Ant_u32RxTimeoutCounter
                        0x200016d0    0x4  Data  Lc  ant.o [1]
Ant_u32RxTimer          0x200016c0    0x4  Data  Lc  ant.o [1]
Ant_u32TxByteCounter    0x200016c8    0x4  Data  Lc  ant.o [1]
Ant_u32TxTimer          0x200016c4    0x4  Data  Lc  ant.o [1]
Ant_u32UnexpectedByteCounter
                        0x200016d4    0x4  Data  Lc  ant.o [1]
Ant_u8AntNewRxMessages  0x200017e6    0x1  Data  Lc  ant.o [1]
Ant_u8AntVersion        0x200016a0    0xc  Data  Lc  ant.o [1]
Ant_u8SlaveMissedMessageHigh
                        0x200017e7    0x1  Data  Lc  ant.o [1]
Ant_u8SlaveMissedMessageLow
                        0x200017e9    0x1  Data  Lc  ant.o [1]
Ant_u8SlaveMissedMessageMid
                        0x200017e8    0x1  Data  Lc  ant.o [1]
Bsp_u32TimingViolationsCounter
                        0x20001758    0x4  Data  Lc  mpgl1-ehdw-03.o [1]
BusFault_Handler        0x00080f01    0x2  Code  Wk  exceptions.o [1]
ButtonInitialize        0x00083841   0xb0  Code  Gb  buttons.o [1]
ButtonRunActiveState    0x000838f1    0xa  Code  Gb  buttons.o [1]
ButtonSM_ButtonActive   0x00083941   0xfc  Code  Lc  buttons.o [1]
ButtonSM_Idle           0x00083921   0x20  Code  Lc  buttons.o [1]
Button_abNewPress       0x20001710    0x4  Data  Lc  buttons.o [1]
Button_aeCurrentState   0x20001708    0x4  Data  Lc  buttons.o [1]
Button_aeNewState       0x2000170c    0x4  Data  Lc  buttons.o [1]
Button_au32ButtonPins   0x00084294   0x10  Data  Lc  buttons.o [1]
Button_au32HoldTimeStart
                        0x20001674   0x10  Data  Lc  buttons.o [1]
Button_pfnStateMachine  0x20001704    0x4  Data  Lc  buttons.o [1]
Buttons_asArray         0x20000360    0x8  Data  Lc  buttons.o [1]
CSTACK$$Base            0x20080000          --   Gb  - Linker created -
CSTACK$$Limit           0x20082000          --   Gb  - Linker created -
ClockSetup              0x00083439   0x7e  Code  Gb  mpgl1-ehdw-03.o [1]
DBGU_IrqHandler         0x00082609   0x1e  Code  Gb  sam3u_uart.o [1]
DeQueueMessage          0x000821a3   0x56  Code  Gb  messaging.o [1]
DebugCommandDummy       0x000812e9   0x1a  Code  Lc  debug.o [1]
DebugCommandLedTestToggle
                        0x00081303   0x4c  Code  Lc  debug.o [1]
DebugCommandPrepareList
                        0x00081251   0x98  Code  Lc  debug.o [1]
DebugCommandSysTimeToggle
                        0x000813b5   0x46  Code  Lc  debug.o [1]
DebugInitialize         0x0008117d   0x9e  Code  Gb  debug.o [1]
DebugLedTestCharacter   0x0008134f   0x66  Code  Lc  debug.o [1]
DebugLineFeed           0x0008103d   0x1c  Code  Gb  debug.o [1]
DebugMon_Handler        0x00080f07    0x2  Code  Wk  exceptions.o [1]
DebugPrintNumber        0x00081059   0xb0  Code  Gb  debug.o [1]
DebugPrintf             0x00081019   0x24  Code  Gb  debug.o [1]
DebugRunActiveState     0x0008121b    0xc  Code  Gb  debug.o [1]
DebugRxCallback         0x00081229   0x28  Code  Gb  debug.o [1]
DebugSM_CheckCmd        0x000814e5   0xb2  Code  Lc  debug.o [1]
DebugSM_Error           0x000815b1   0x34  Code  Lc  debug.o [1]
DebugSM_Idle            0x000813fd   0xe8  Code  Lc  debug.o [1]
DebugSM_ProcessCmd      0x00081599   0x18  Code  Lc  debug.o [1]
Debug_Uart              0x2000171c    0x4  Data  Lc  debug.o [1]
Debug_au8CommandBuffer  0x200014b0   0x40  Data  Lc  debug.o [1]
Debug_au8Commands       0x20000144   0x40  Data  Gb  debug.o [1]
Debug_au8RxBuffer       0x200013b0   0x80  Data  Lc  debug.o [1]
Debug_au8StartupMsg     0x200000c0   0x44  Data  Lc  debug.o [1]
Debug_bLedTestActive    0x2000038a    0x1  Data  Lc  debug.o [1]
Debug_pfnStateMachine   0x20001718    0x4  Data  Lc  debug.o [1]
Debug_pu8CmdBufferNextChar
                        0x2000172c    0x4  Data  Lc  debug.o [1]
Debug_pu8RxBufferNextChar
                        0x20001724    0x4  Data  Lc  debug.o [1]
Debug_pu8RxBufferParser
                        0x20001728    0x4  Data  Lc  debug.o [1]
Debug_u16CommandSize    0x200017e4    0x2  Data  Lc  debug.o [1]
Debug_u32CurrentMessageToken
                        0x20001720    0x4  Data  Lc  debug.o [1]
Debug_u8Command         0x200017eb    0x1  Data  Lc  debug.o [1]
Debug_u8ErrorCode       0x200017ea    0x1  Data  Lc  debug.o [1]
EFC0_IrqHandler         0x00080f17    0x2  Code  Wk  exceptions.o [1]
EFC1_IrqHandler         0x00080f19    0x2  Code  Wk  exceptions.o [1]
G_abButtonDebounceActive
                        0x20001700    0x4  Data  Gb  buttons.o [1]
G_au32ButtonDebounceTimeStart
                        0x20001664   0x10  Data  Gb  buttons.o [1]
G_au8AntMessageAssign   0x200002dc   0x14  Data  Gb  ant.o [1]
G_au8AntMessageClose    0x200002f0   0x14  Data  Gb  ant.o [1]
G_au8AntMessageFail     0x20000358    0x8  Data  Gb  ant.o [1]
G_au8AntMessageInit     0x20000264   0x18  Data  Gb  ant.o [1]
G_au8AntMessageInitFail
                        0x200001b0   0x20  Data  Gb  ant.o [1]
G_au8AntMessageNoAnt    0x20000104   0x40  Data  Gb  ant.o [1]
G_au8AntMessageOk       0x20000350    0x8  Data  Gb  ant.o [1]
G_au8AntMessageOpen     0x20000304   0x14  Data  Gb  ant.o [1]
G_au8AntMessageUnassign
                        0x2000024c   0x18  Data  Gb  ant.o [1]
G_au8AntMessageUnhandled
                        0x20000230   0x1c  Data  Gb  ant.o [1]
G_au8MessageOFF         0x20000378    0x8  Data  Gb  utilities.o [1]
G_au8MessageON          0x20000370    0x8  Data  Gb  utilities.o [1]
G_sAntApplicationMsgList
                        0x200016b8    0x4  Data  Gb  ant.o [1]
G_stAntSetupData        0x20001694    0xc  Data  Gb  ant.o [1]
G_u32AntFlags           0x200016b4    0x4  Data  Gb  ant.o [1]
G_u32ApplicationFlags   0x2000173c    0x4  Data  Gb  main.o [1]
G_u32DebugFlags         0x20001714    0x4  Data  Gb  debug.o [1]
G_u32MessagingFlags     0x20001740    0x4  Data  Gb  messaging.o [1]
G_u32Ssp1ApplicationFlags
                        0x20001778    0x4  Data  Gb  sam3u_ssp.o [1]
G_u32Ssp2ApplicationFlags
                        0x2000177c    0x4  Data  Gb  sam3u_ssp.o [1]
G_u32SystemFlags        0x20001738    0x4  Data  Gb  main.o [1]
G_u32SystemTime1ms      0x20001750    0x4  Data  Gb  mpgl1-ehdw-03.o [1]
G_u32SystemTime1s       0x20001754    0x4  Data  Gb  mpgl1-ehdw-03.o [1]
G_u32Uart0ApplicationFlags
                        0x200017a8    0x4  Data  Gb  sam3u_uart.o [1]
G_u32UartApplicationFlags
                        0x200017a4    0x4  Data  Gb  sam3u_uart.o [1]
GetButtonBitLocation    0x000838fb   0x26  Code  Gb  buttons.o [1]
GpioSetup               0x00083561   0xea  Code  Gb  mpgl1-ehdw-03.o [1]
HDMA_IrqHandler         0x00080f35    0x2  Code  Wk  exceptions.o [1]
HEAP$$Base              0x200017f8          --   Gb  - Linker created -
HEAP$$Limit             0x200037f8          --   Gb  - Linker created -
HSMC4_IrqHandler        0x00080f1b    0x2  Code  Wk  exceptions.o [1]
HardFault_Handler       0x00083b03   0x34  Code  Gb  interrupts.o [1]
InterruptSetup          0x00083ab9   0x4a  Code  Gb  interrupts.o [1]
IrqHandlerNotUsed       0x00080efb    0x2  Code  Gb  exceptions.o [1]
IsTimeUp                0x00080f39   0x38  Code  Gb  utilities.o [1]
LcdInitialize           0x00083c55   0xb2  Code  Gb  lcd_nhd-c0220biz.o [1]
LcdRunActiveState       0x00083d07    0xa  Code  Gb  lcd_nhd-c0220biz.o [1]
LcdSM_Idle              0x00083d2d    0x2  Code  Gb  lcd_nhd-c0220biz.o [1]
Lcd_StateMachine        0x20001730    0x4  Data  Lc  lcd_nhd-c0220biz.o [1]
Lcd_u32Timer            0x20001734    0x4  Data  Lc  lcd_nhd-c0220biz.o [1]
LedInitialize           0x00082959   0xb8  Code  Gb  leds.o [1]
LedOff                  0x000828df   0x58  Code  Gb  leds.o [1]
LedOn                   0x00082885   0x5a  Code  Gb  leds.o [1]
LedToggle               0x00082937   0x22  Code  Gb  leds.o [1]
LedUpdate               0x00082a11  0x162  Code  Gb  leds.o [1]
Led_au32BitPositions    0x20000184   0x2c  Data  Lc  leds.o [1]
Leds_asLedArray         0x20000000   0x70  Data  Lc  leds.o [1]
MCI0_IrqHandler         0x00080f21    0x2  Code  Wk  exceptions.o [1]
MemManage_Handler       0x00080eff    0x2  Code  Wk  exceptions.o [1]
MessagingIdle           0x000822c5   0x1c  Code  Gb  messaging.o [1]
MessagingInitialize     0x000821f9   0x72  Code  Gb  messaging.o [1]
MessagingRunActiveState
                        0x0008226b    0xa  Code  Gb  messaging.o [1]
Messaging_pfnStateMachine
                        0x20001744    0x4  Data  Lc  messaging.o [1]
Msg_Pool                0x2000038c  0x900  Data  Lc  messaging.o [1]
Msg_StatusQueue         0x20000c8c  0x300  Data  Lc  messaging.o [1]
Msg_pNextStatus         0x2000174c    0x4  Data  Lc  messaging.o [1]
Msg_u32Token            0x20001748    0x4  Data  Lc  messaging.o [1]
Msg_u8QueuedMessageCount
                        0x200017ec    0x1  Data  Lc  messaging.o [1]
NMI_Handler             0x00080efd    0x2  Code  Wk  exceptions.o [1]
NVIC_ClearPendingIRQ    0x0008382d   0x14  Code  Lc  buttons.o [1]
NVIC_ClearPendingIRQ    0x00083aa5   0x14  Code  Lc  interrupts.o [1]
NVIC_ClearPendingIRQ    0x00082c5f   0x16  Code  Lc  sam3u_i2c.o [1]
NVIC_ClearPendingIRQ    0x00081687   0x16  Code  Lc  sam3u_ssp.o [1]
NVIC_ClearPendingIRQ    0x00082323   0x16  Code  Lc  sam3u_uart.o [1]
NVIC_DisableIRQ         0x00083a91   0x14  Code  Lc  interrupts.o [1]
NVIC_EnableIRQ          0x00083819   0x14  Code  Lc  buttons.o [1]
NVIC_EnableIRQ          0x00082c49   0x16  Code  Lc  sam3u_i2c.o [1]
NVIC_EnableIRQ          0x00081671   0x16  Code  Lc  sam3u_ssp.o [1]
NVIC_EnableIRQ          0x0008230d   0x16  Code  Lc  sam3u_uart.o [1]
PIOA_IrqHandler         0x00083b73   0x54  Code  Gb  interrupts.o [1]
PIOB_IrqHandler         0x00083bc7   0x56  Code  Gb  interrupts.o [1]
PIOC_IrqHandler         0x00080f1d    0x2  Code  Wk  exceptions.o [1]
PMC_IrqHandler          0x00080f15    0x2  Code  Wk  exceptions.o [1]
PWMSetupAudio           0x0008364b   0x5c  Code  Gb  mpgl1-ehdw-03.o [1]
PWM_IrqHandler          0x00080f2f    0x2  Code  Wk  exceptions.o [1]
PendSV_Handler          0x00080f09    0x2  Code  Wk  exceptions.o [1]
QueryMessageStatus      0x00082071   0x38  Code  Gb  messaging.o [1]
QueueMessage            0x000820a9   0xfa  Code  Gb  messaging.o [1]
RSTC_IrqHandler         0x00080f0d    0x2  Code  Wk  exceptions.o [1]
RTC_IrqHandler          0x00080f0f    0x2  Code  Wk  exceptions.o [1]
RTT_IrqHandler          0x00080f11    0x2  Code  Wk  exceptions.o [1]
Region$$Table$$Base     0x00084108          --   Gb  - Linker created -
Region$$Table$$Limit    0x0008412c          --   Gb  - Linker created -
SD_Ssp                  0x200017d0    0x4  Data  Lc  sdcard.o [1]
SD_au8RxBuffer          0x20000f8c  0x224  Data  Lc  sdcard.o [1]
SD_pfnStateMachine      0x200017cc    0x4  Data  Lc  sdcard.o [1]
SD_pu8RxBufferNextByte  0x200017d4    0x4  Data  Lc  sdcard.o [1]
SD_pu8RxBufferParser    0x200017d8    0x4  Data  Lc  sdcard.o [1]
SD_sSspConfig           0x20001640   0x24  Data  Lc  sdcard.o [1]
SPI0_IrqHandler         0x00080f25    0x2  Code  Wk  exceptions.o [1]
SSC0_IrqHandler         0x00080f27    0x2  Code  Wk  exceptions.o [1]
SSP_Peripheral0         0x200014f0   0x34  Data  Lc  sam3u_ssp.o [1]
SSP_Peripheral1         0x20001524   0x34  Data  Lc  sam3u_ssp.o [1]
SSP_Peripheral2         0x20001558   0x34  Data  Lc  sam3u_ssp.o [1]
SSP_au8Dummies          0x20001430   0x80  Data  Lc  sam3u_ssp.o [1]
SSP_psCurrentISR        0x20001790    0x4  Data  Lc  sam3u_ssp.o [1]
SSP_psCurrentSsp        0x2000178c    0x4  Data  Lc  sam3u_ssp.o [1]
SSP_pu32SspApplicationFlagsISR
                        0x20001794    0x4  Data  Lc  sam3u_ssp.o [1]
SSP_u32AntCounter       0x200017a0    0x4  Data  Lc  sam3u_ssp.o [1]
SSP_u32Flags            0x20001788    0x4  Data  Lc  sam3u_ssp.o [1]
SSP_u32Int1Count        0x20001798    0x4  Data  Lc  sam3u_ssp.o [1]
SSP_u32Int2Count        0x2000179c    0x4  Data  Lc  sam3u_ssp.o [1]
SSP_u32Timer            0x20001784    0x4  Data  Lc  sam3u_ssp.o [1]
SUPC_IrqHandler         0x00080f0b    0x2  Code  Wk  exceptions.o [1]
SVC_Handler             0x00080f05    0x2  Code  Wk  exceptions.o [1]
SdCardInitialize        0x00083d31   0x8c  Code  Gb  sdcard.o [1]
SdCardRunActiveState    0x00083dbd    0xa  Code  Gb  sdcard.o [1]
SdIdleNoCard            0x00083dc9    0x2  Code  Lc  sdcard.o [1]
SspGenericHandler       0x000819bb  0x352  Code  Gb  sam3u_ssp.o [1]
SspInitialize           0x00081815   0xfe  Code  Gb  sam3u_ssp.o [1]
SspManualMode           0x0008191f   0x48  Code  Gb  sam3u_ssp.o [1]
SspRequest              0x0008169d  0x148  Code  Gb  sam3u_ssp.o [1]
SspRunActiveState       0x00081913    0xc  Code  Gb  sam3u_ssp.o [1]
SspSM_Idle              0x00081d0d  0x1c0  Code  Gb  sam3u_ssp.o [1]
SspWriteData            0x000817e5   0x30  Code  Gb  sam3u_ssp.o [1]
Ssp_pfnStateMachine     0x20001780    0x4  Data  Lc  sam3u_ssp.o [1]
SysTickSetup            0x000834b7   0x22  Code  Gb  mpgl1-ehdw-03.o [1]
SysTick_Handler         0x00083b37   0x3c  Code  Gb  interrupts.o [1]
SystemSleep             0x000834d9   0x7a  Code  Gb  mpgl1-ehdw-03.o [1]
SystemStatusReport      0x00081109   0x74  Code  Gb  debug.o [1]
TC0_IrqHandler          0x00080f29    0x2  Code  Wk  exceptions.o [1]
TC1_IrqHandler          0x00080f2b    0x2  Code  Wk  exceptions.o [1]
TC2_IrqHandler          0x00080f2d    0x2  Code  Wk  exceptions.o [1]
TWI0                    0x2000176c    0x4  Data  Lc  sam3u_i2c.o [1]
TWI0FillTxBuffer        0x00082f33   0x96  Code  Lc  sam3u_i2c.o [1]
TWI0WriteByte           0x00082c75   0xd6  Code  Gb  sam3u_i2c.o [1]
TWI0WriteData           0x00082d4b   0xda  Code  Gb  sam3u_i2c.o [1]
TWI0_IrqHandler         0x00083007   0xb8  Code  Gb  sam3u_i2c.o [1]
TWI1_IrqHandler         0x00080f23    0x2  Code  Wk  exceptions.o [1]
TWIInitialize           0x00082e25  0x102  Code  Gb  sam3u_i2c.o [1]
TWIManualMode           0x00082fc9   0x3e  Code  Lc  sam3u_i2c.o [1]
TWIRunActiveState       0x00082f27    0xc  Code  Gb  sam3u_i2c.o [1]
TWISM_Error             0x00083351   0x94  Code  Gb  sam3u_i2c.o [1]
TWISM_Idle              0x000830c1  0x142  Code  Gb  sam3u_i2c.o [1]
TWISM_Receiving         0x000832d9   0x78  Code  Gb  sam3u_i2c.o [1]
TWISM_Transmitting      0x00083205   0xd2  Code  Gb  sam3u_i2c.o [1]
TWI_MessageBuffer       0x200012b0  0x100  Data  Lc  sam3u_i2c.o [1]
TWI_MessageBufferCurIndex
                        0x200017ee    0x1  Data  Lc  sam3u_i2c.o [1]
TWI_MessageBufferNextIndex
                        0x200017ed    0x1  Data  Lc  sam3u_i2c.o [1]
TWI_MessageQueueLength  0x200017ef    0x1  Data  Lc  sam3u_i2c.o [1]
TWI_Peripheral0         0x20001684   0x10  Data  Lc  sam3u_i2c.o [1]
TWI_StateMachine        0x20001760    0x4  Data  Lc  sam3u_i2c.o [1]
TWI_pu8CurrentTxData    0x20001774    0x4  Data  Lc  sam3u_i2c.o [1]
TWI_u32CurrentBytesRemaining
                        0x20001770    0x4  Data  Lc  sam3u_i2c.o [1]
TWI_u32Flags            0x20001768    0x4  Data  Lc  sam3u_i2c.o [1]
TWI_u32Timer            0x20001764    0x4  Data  Lc  sam3u_i2c.o [1]
UART_Peripheral         0x200015b0   0x24  Data  Lc  sam3u_uart.o [1]
UART_Peripheral0        0x200015d4   0x24  Data  Lc  sam3u_uart.o [1]
UART_Peripheral1        0x200015f8   0x24  Data  Lc  sam3u_uart.o [1]
UART_Peripheral2        0x2000161c   0x24  Data  Lc  sam3u_uart.o [1]
UART_psCurrentISR       0x200017bc    0x4  Data  Lc  sam3u_uart.o [1]
UART_psCurrentUart      0x200017b8    0x4  Data  Lc  sam3u_uart.o [1]
UART_pu32ApplicationFlagsISR
                        0x200017c0    0x4  Data  Lc  sam3u_uart.o [1]
UART_u32Flags           0x200017b4    0x4  Data  Lc  sam3u_uart.o [1]
UART_u32Int0Count       0x200017c8    0x4  Data  Lc  sam3u_uart.o [1]
UART_u32IntCount        0x200017c4    0x4  Data  Lc  sam3u_uart.o [1]
UART_u32Timer           0x200017b0    0x4  Data  Lc  sam3u_uart.o [1]
UART_u8ActiveUarts      0x200017f0    0x1  Data  Lc  sam3u_uart.o [1]
UDPD_IrqHandler         0x00080f37    0x2  Code  Wk  exceptions.o [1]
USART0_IrqHandler       0x00082627   0x1e  Code  Gb  sam3u_uart.o [1]
USART1_IrqHandler       0x00081967   0x2a  Code  Gb  sam3u_ssp.o [1]
USART2_IrqHandler       0x00081991   0x2a  Code  Gb  sam3u_ssp.o [1]
USART3_IrqHandler       0x00080f1f    0x2  Code  Wk  exceptions.o [1]
UartGenericHandler      0x00082645   0xf4  Code  Gb  sam3u_uart.o [1]
UartInitialize          0x000824cd   0xfc  Code  Gb  sam3u_uart.o [1]
UartManualMode          0x000825d3   0x36  Code  Lc  sam3u_uart.o [1]
UartRequest             0x00082339  0x138  Code  Gb  sam3u_uart.o [1]
UartRunActiveState      0x000825c9    0xa  Code  Gb  sam3u_uart.o [1]
UartSM_Idle             0x0008273d   0xd8  Code  Gb  sam3u_uart.o [1]
UartWriteByte           0x00082471   0x30  Code  Gb  sam3u_uart.o [1]
UartWriteData           0x000824a1   0x2c  Code  Gb  sam3u_uart.o [1]
Uart_pfnStateMachine    0x200017ac    0x4  Data  Lc  sam3u_uart.o [1]
UpdateMessageStatus     0x00082275   0x1c  Code  Gb  messaging.o [1]
UsageFault_Handler      0x00080f03    0x2  Code  Wk  exceptions.o [1]
UserAppInitialize       0x00083ead    0xa  Code  Gb  user_app.o [1]
UserAppRunActiveState   0x00083eb7    0xa  Code  Gb  user_app.o [1]
UserAppSM_Idle          0x00083ec5    0x2  Code  Lc  user_app.o [1]
UserApp_StateMachine    0x200017dc    0x4  Data  Lc  user_app.o [1]
WDT_IrqHandler          0x00080f13    0x2  Code  Wk  exceptions.o [1]
WatchDogSetup           0x00083553    0xe  Code  Gb  mpgl1-ehdw-03.o [1]
__ICFEDIT_intvec_start__ {Abs}
                        0x00080000          --   Gb  command line/config [2]
__aeabi_memset          0x00082b95         Code  Gb  ABImemset.o [4]
__as_entries_start      0xffffffff          --   Gb  command line/config [2]
__as_table_start        0xffffffff          --   Gb  command line/config [2]
__cmain                 0x000841a5         Code  Gb  cmain.o [4]
__data_Aldata           0x200016ac    0x8  Data  Gb  xxmemxmalloc.o [3]
__data_GetMemChunk      0x00082c1d   0x2c  Code  Gb  xgetmemchunk.o [3]
__exit                  0x000841e5   0x14  Code  Gb  exit.o [5]
__iar_Memset            0x00082b95         Code  Gb  ABImemset.o [4]
__iar_Memset_word       0x00082b9d         Code  Gb  ABImemset.o [4]
__iar_copy_init3        0x00080feb   0x2e  Code  Gb  copy_init3.o [4]
__iar_data_init3        0x00083f79   0x28  Code  Gb  data_init.o [4]
__iar_program_start     0x000842bd         Code  Gb  cstartup_M.o [4]
__iar_unaligned___aeabi_memcpy
                        0x00080f75         Code  Gb  ABImemcpy_unaligned.o [4]
__iar_unaligned___aeabi_memcpy4
                        0x00080f95         Code  Gb  ABImemcpy_unaligned.o [4]
__iar_unaligned___aeabi_memcpy8
                        0x00080f95         Code  Gb  ABImemcpy_unaligned.o [4]
__iar_zero_init3        0x00082bfb   0x22  Code  Gb  zero_init3.o [4]
__low_level_init        0x000841c1   0x14  Code  Gb  board_cstartup_iar.o [1]
__vector_table          0x00080000   0xbc  Data  Gb  board_cstartup_iar.o [1]
_call_main              0x000841b1         Code  Gb  cmain.o [4]
_exit                   0x000841d9         Code  Gb  cexit.o [4]
_main                   0x000841bb         Code  Gb  cmain.o [4]
exit                    0x000841d5    0x4  Code  Gb  exit.o [3]
free                    0x00081ff1   0x7a  Code  Gb  xxmemxfree.o [3]
main                    0x00083df1   0xbc  Code  Gb  main.o [1]
malloc                  0x00081f41   0xac  Code  Gb  xxmemxmalloc.o [3]


[1] = C:\Users\jimmy\OneDrive\Documents\GitHub\Razor_Atmel\firmware_mpgl1\iar_7_20_1\Debug\Obj
[2] = command line
[3] = dl7M_tln.a
[4] = rt7M_tl.a
[5] = shb_l.a

  16 016 bytes of readonly  code memory
   2 012 bytes of readonly  data memory
  22 512 bytes of readwrite data memory

Errors: none
Warnings: none
